// Jest Snapshot v1, https://goo.gl/fbAQLP

exports[`.formatExecError() 1`] = `
"  ● Test suite failed to run

    Whoops!
"
`;

exports[`formatStackTrace should strip node internals 1`] = `
"  ● Unix test

      
        Expected value to be of type:
          \\"number\\"
        Received:
          \\"\\"
        type:
          \\"string\\"
      
      
      at Object.it (__tests__/test.js:8:14)
      
"
`;

exports[`should exclude jasmine from stack trace for Unix paths. 1`] = `
"  ● Unix test

      at stack (../jest-jasmine2/build/jasmine-2.4.1.js:1580:17)
      
      at Object.addResult (../jest-jasmine2/build/jasmine-2.4.1.js:1550:14)
      at Object.it (build/__tests__/messages-test.js:45:41)
"
`;
