// Jest Snapshot v1, https://goo.gl/fbAQLP

exports[` 1`] = `
"● Multiple configurations found:

Jest found configuration in \`/var/folders/14/qp47l23n64j5pyd7vllb78c00000gn/T/resolve_config_path_test/a/b/c/jest.config.js\`, \`/var/folders/14/qp47l23n64j5pyd7vllb78c00000gn/T/resolve_config_path_test/a/b/c/jest.config.ts\`, \`/var/folders/14/qp47l23n64j5pyd7vllb78c00000gn/T/resolve_config_path_test/a/b/c/jest.config.mjs\`, \`/var/folders/14/qp47l23n64j5pyd7vllb78c00000gn/T/resolve_config_path_test/a/b/c/jest.config.cjs\` and \`/var/folders/14/qp47l23n64j5pyd7vllb78c00000gn/T/resolve_config_path_test/a/b/c/jest.config.json\`.
This is not allowed because it is probably a mistake.

Configuration Documentation:
https://jestjs.io/docs/configuration.html
"
`;

exports[` 2`] = `
"● Multiple configurations found:

Jest found configuration in \`/var/folders/14/qp47l23n64j5pyd7vllb78c00000gn/T/resolve_config_path_test/a/b/c/jest.config.js\`, \`/var/folders/14/qp47l23n64j5pyd7vllb78c00000gn/T/resolve_config_path_test/a/b/c/jest.config.ts\`, \`/var/folders/14/qp47l23n64j5pyd7vllb78c00000gn/T/resolve_config_path_test/a/b/c/jest.config.mjs\`, \`/var/folders/14/qp47l23n64j5pyd7vllb78c00000gn/T/resolve_config_path_test/a/b/c/jest.config.cjs\` and \`/var/folders/14/qp47l23n64j5pyd7vllb78c00000gn/T/resolve_config_path_test/a/b/c/jest.config.json\`.
This is not allowed because it is probably a mistake.

Configuration Documentation:
https://jestjs.io/docs/configuration.html
"
`;

exports[` 3`] = `
"● Multiple configurations found:

Jest found configuration in \`/var/folders/14/qp47l23n64j5pyd7vllb78c00000gn/T/resolve_config_path_test/a/b/c/jest.config.js\`, \`/var/folders/14/qp47l23n64j5pyd7vllb78c00000gn/T/resolve_config_path_test/a/b/c/jest.config.ts\`, \`/var/folders/14/qp47l23n64j5pyd7vllb78c00000gn/T/resolve_config_path_test/a/b/c/jest.config.mjs\`, \`/var/folders/14/qp47l23n64j5pyd7vllb78c00000gn/T/resolve_config_path_test/a/b/c/jest.config.cjs\` and \`/var/folders/14/qp47l23n64j5pyd7vllb78c00000gn/T/resolve_config_path_test/a/b/c/jest.config.json\`.
This is not allowed because it is probably a mistake.

Configuration Documentation:
https://jestjs.io/docs/configuration.html
"
`;

exports[` 4`] = `
"● Multiple configurations found:

Jest found configuration in \`/var/folders/14/qp47l23n64j5pyd7vllb78c00000gn/T/resolve_config_path_test/a/b/c/jest.config.js\`, \`/var/folders/14/qp47l23n64j5pyd7vllb78c00000gn/T/resolve_config_path_test/a/b/c/jest.config.ts\`, \`/var/folders/14/qp47l23n64j5pyd7vllb78c00000gn/T/resolve_config_path_test/a/b/c/jest.config.mjs\`, \`/var/folders/14/qp47l23n64j5pyd7vllb78c00000gn/T/resolve_config_path_test/a/b/c/jest.config.cjs\` and \`/var/folders/14/qp47l23n64j5pyd7vllb78c00000gn/T/resolve_config_path_test/a/b/c/jest.config.json\`.
This is not allowed because it is probably a mistake.

Configuration Documentation:
https://jestjs.io/docs/configuration.html
"
`;
