// Jest Snapshot v1, https://goo.gl/fbAQLP

exports[`matchers proxies matchers to jest-matchers 1`] = `
"expect(<red>received</>).toBe(<green>expected</>)

Expected value to be (using ===):
  <green>2</>
Received:
  <red>1</>"
`;
