exports[`Watch mode flows Pressing "P" enters pattern mode 1`] = `
"[999D[K
[MOCK - eraseDown]
 pattern â€º p
[MOCK - cursorSavePosition]


 Pattern matches 11 files...

  â€º path/to/file1-test.js

  â€º path/to/file2-test.js

  â€º path/to/file3-test.js

  â€º path/to/file4-test.js

  â€º path/to/file5-test.js

  â€º path/to/file6-test.js

  â€º path/to/file7-test.js

  â€º path/to/file8-test.js

  â€º path/to/file9-test.js

  â€º path/to/file10-test.js

  â€º and 1 more file
[MOCK - eraseDown]
[MOCK - cursorRestorePosition]"
`;

exports[`Watch mode flows Pressing "P" enters pattern mode 2`] = `
"[999D[K
[MOCK - eraseDown]
 pattern â€º p.
[MOCK - cursorSavePosition]


 Pattern matches 11 files...

  â€º path/to/file1-test.js

  â€º path/to/file2-test.js

  â€º path/to/file3-test.js

  â€º path/to/file4-test.js

  â€º path/to/file5-test.js

  â€º path/to/file6-test.js

  â€º path/to/file7-test.js

  â€º path/to/file8-test.js

  â€º path/to/file9-test.js

  â€º path/to/file10-test.js

  â€º and 1 more file
[MOCK - eraseDown]
[MOCK - cursorRestorePosition]"
`;

exports[`Watch mode flows Pressing "P" enters pattern mode 3`] = `
"[999D[K
[MOCK - eraseDown]
 pattern â€º p.*
[MOCK - cursorSavePosition]


 Pattern matches 11 files...

  â€º path/to/file1-test.js

  â€º path/to/file2-test.js

  â€º path/to/file3-test.js

  â€º path/to/file4-test.js

  â€º path/to/file5-test.js

  â€º path/to/file6-test.js

  â€º path/to/file7-test.js

  â€º path/to/file8-test.js

  â€º path/to/file9-test.js

  â€º path/to/file10-test.js

  â€º and 1 more file
[MOCK - eraseDown]
[MOCK - cursorRestorePosition]"
`;

exports[`Watch mode flows Pressing "P" enters pattern mode 4`] = `
"[999D[K
[MOCK - eraseDown]
 pattern â€º p.*1
[MOCK - cursorSavePosition]


 Pattern matches 3 files...

  â€º path/to/file1-test.js

  â€º path/to/file10-test.js

  â€º path/to/file11-test.js
[MOCK - eraseDown]
[MOCK - cursorRestorePosition]"
`;

exports[`Watch mode flows Pressing "P" enters pattern mode 5`] = `
"[999D[K
[MOCK - eraseDown]
 pattern â€º p.*10
[MOCK - cursorSavePosition]


 Pattern matches 1 file...

  â€º path/to/file10-test.js
[MOCK - eraseDown]
[MOCK - cursorRestorePosition]"
`;

exports[`Watch mode flows Pressing "P" enters pattern mode 6`] = `
"[999D[K
[MOCK - eraseDown]
 pattern â€º p.*1
[MOCK - cursorSavePosition]


 Pattern matches 3 files...

  â€º path/to/file1-test.js

  â€º path/to/file10-test.js

  â€º path/to/file11-test.js
[MOCK - eraseDown]
[MOCK - cursorRestorePosition]"
`;

exports[`Watch mode flows Pressing "P" enters pattern mode 7`] = `
"[999D[K
[MOCK - eraseDown]
 pattern â€º p.*
[MOCK - cursorSavePosition]


 Pattern matches 11 files...

  â€º path/to/file1-test.js

  â€º path/to/file2-test.js

  â€º path/to/file3-test.js

  â€º path/to/file4-test.js

  â€º path/to/file5-test.js

  â€º path/to/file6-test.js

  â€º path/to/file7-test.js

  â€º path/to/file8-test.js

  â€º path/to/file9-test.js

  â€º path/to/file10-test.js

  â€º and 1 more file
[MOCK - eraseDown]
[MOCK - cursorRestorePosition]"
`;

exports[`Watch mode flows Pressing "P" enters pattern mode 8`] = `
"[999D[K
[MOCK - eraseDown]
 pattern â€º p.*3
[MOCK - cursorSavePosition]


 Pattern matches 1 file...

  â€º path/to/file3-test.js
[MOCK - eraseDown]
[MOCK - cursorRestorePosition]"
`;
