// Jest Snapshot v1, https://goo.gl/fbAQLP

exports[`failing snapshot example 1`] = `"one"`;
