// Jest Snapshot v1, https://goo.gl/fbAQLP

exports[`code coverage for Handlebars 1`] = `
"-----------|---------|----------|---------|---------|-------------------
File       | % Stmts | % Branch | % Funcs | % Lines | Uncovered Line #s 
-----------|---------|----------|---------|---------|-------------------
All files  |      80 |    61.53 |   66.66 |      75 |                   
 greet.hbs |      80 |    61.53 |   66.66 |      75 | 10                
-----------|---------|----------|---------|---------|-------------------"
`;
