// Jest Snapshot v1, https://goo.gl/fbAQLP

exports[`babel-jest ignored tells user to match ignored files 1`] = `
"FAIL __tests__/ignoredFile.test.js
  ‚óè Test suite failed to run

    babel-jest: Babel ignores __tests__/ignoredFile.test.js - make sure to include the file in Jest's transformIgnorePatterns as well.

      at assertLoadedBabelConfig (../../../packages/babel-jest/build/index.js:104:11)"
`;

exports[`no babel-jest instrumentation with no babel-jest 1`] = `
"------------|---------|----------|---------|---------|-------------------
File        | % Stmts | % Branch | % Funcs | % Lines | Uncovered Line #s 
------------|---------|----------|---------|---------|-------------------
All files   |   89.47 |      100 |      50 |   89.47 |                   
 covered.js |   89.47 |      100 |      50 |   89.47 | 13-14             
------------|---------|----------|---------|---------|-------------------"
`;
