// Jest Snapshot v1, https://goo.gl/fbAQLP

exports[`instruments and collects coverage for typescript files 1`] = `
Test Suites: 1 passed, 1 total
Tests:       1 passed, 1 total
Snapshots:   0 total
Time:        <<REPLACED>>
Ran all test suites.
`;

exports[`instruments and collects coverage for typescript files 2`] = `
PASS __tests__/coveredTest.ts
  âœ“ adds 1 + 2 to equal 3 in TScript

------------|---------|----------|---------|---------|-------------------
File        | % Stmts | % Branch | % Funcs | % Lines | Uncovered Line #s 
------------|---------|----------|---------|---------|-------------------
All files   |     100 |      100 |     100 |     100 |                   
 covered.ts |     100 |      100 |     100 |     100 |                   
------------|---------|----------|---------|---------|-------------------
`;
