// Jest Snapshot v1, https://goo.gl/fbAQLP

exports[`snapshots 1`] = `
{
  "apple": "original value",
}
`;
